Testing API Key: AIzaSyCh5Eoqg4qOyJQOFQrUCiONfxyDkpYmYFQ
Status Code: 429
Status Text: Too Many Requests
node : Error Body: {
At line:1 char:1
+ node 
test-api-key.js > 
test-output.txt 2>&1
+ ~~~~~~~~~~~~~~~~~~
~~~~~~~~~~~~~~~~~~~~
~~~~~
    + CategoryInfo  
            : NotS  
  pecified: (Erro   
 r Body: {:Strin    
g) [], RemoteEx    
ception
    + FullyQualifie 
   dErrorId : Nati  
  veCommandError
 
  "error": {
    "code": 429,
    "message": "You 
exceeded your 
current quota, 
please check your 
plan and billing 
details. For more 
information on this 
error, head to: http
s://ai.google.dev/ge
mini-api/docs/rate-l
imits. To monitor 
your current usage, 
head to: https://ai.
dev/usage?tab=rate-l
imit. \n* Quota 
exceeded for 
metric: generativela
nguage.googleapis.co
m/generate_content_f
ree_tier_requests, 
limit: 0, model: 
gemini-2.0-flash\n* 
Quota exceeded for 
metric: generativela
nguage.googleapis.co
m/generate_content_f
ree_tier_requests, 
limit: 0, model: 
gemini-2.0-flash\n* 
Quota exceeded for 
metric: generativela
nguage.googleapis.co
m/generate_content_f
ree_tier_input_token
_count, limit: 0, 
model: gemini-2.0-fl
ash\nPlease retry 
in 32.926184852s.",
    "status": "RESOU
RCE_EXHAUSTED",
    "details": [
      {
        "@type": "ty
pe.googleapis.com/go
ogle.rpc.Help",
        "links": [
          {
            
"description": 
"Learn more about 
Gemini API quotas",
            "url": "
https://ai.google.de
v/gemini-api/docs/ra
te-limits"
          }
        ]
      },
      {
        "@type": "ty
pe.googleapis.com/go
ogle.rpc.QuotaFailur
e",
        
"violations": [
          {
            
"quotaMetric": "gene
rativelanguage.googl
eapis.com/generate_c
ontent_free_tier_req
uests",
            
"quotaId": "Generate
RequestsPerDayPerPro
jectPerModel-FreeTie
r",
            
"quotaDimensions": {
              
"model": 
"gemini-2.0-flash",
              
"location": "global"
            }
          },
          {
            
"quotaMetric": "gene
rativelanguage.googl
eapis.com/generate_c
ontent_free_tier_req
uests",
            
"quotaId": "Generate
RequestsPerMinutePer
ProjectPerModel-Free
Tier",
            
"quotaDimensions": {
              
"location": 
"global",
              
"model": 
"gemini-2.0-flash"
            }
          },
          {
            
"quotaMetric": "gene
rativelanguage.googl
eapis.com/generate_c
ontent_free_tier_inp
ut_token_count",
            
"quotaId": "Generate
ContentInputTokensPe
rModelPerMinute-Free
Tier",
            
"quotaDimensions": {
              
"location": 
"global",
              
"model": 
"gemini-2.0-flash"
            }
          }
        ]
      },
      {
        "@type": "ty
pe.googleapis.com/go
ogle.rpc.RetryInfo",
        
"retryDelay": "32s"
      }
    ]
  }
}

